[2026-01-08 13:47:15] production.INFO: Robot: Player DarkMouseMike (76561198062887950) create tebex payment.  
[2026-01-08 13:49:28] production.INFO: Robot: Player DarkMouseMike (76561198062887950) create tebex payment.  
[2026-01-08 13:51:50] production.INFO: Robot: Player DarkMouseMike (76561198062887950) create tebex payment.  
[2026-01-08 13:53:22] production.INFO: Robot: Player DarkMouseMike (76561198062887950) create tebex payment.  
[2026-01-08 13:53:48] production.INFO: Robot: Player DarkMouseMike (76561198062887950) create tebex payment.  
[2026-01-09 21:40:12] production.INFO: Robot: Player DarkMouseMike (admin732@wizardcp.com)  could not open case: 18 due to blocking.  
[2026-01-09 21:40:15] production.INFO: Robot: Player DarkMouseMike (admin732@wizardcp.com)  could not open case: 18 due to blocking.  
[2026-01-09 21:40:16] production.INFO: Robot: Player DarkMouseMike (admin732@wizardcp.com)  could not open case: 18 due to blocking.  
[2026-01-13 20:13:14] production.INFO: Robot: Player DarkMouseMike (admin732@wizardcp.com)  successfully activated the Promo Code and received a balance top up in the amount of $1000  
[2026-01-13 20:13:35] production.INFO: Robot: Player DarkMouseMike (admin732@wizardcp.com)  successfully activated the Promo Code and received a balance top up in the amount of $1000  
[2026-01-13 20:24:54] production.INFO: Robot: Player DarkMouseMike (admin732@wizardcp.com)  could not activate promocode: 1JfqLa due to blocking.  
[2026-01-13 20:27:27] production.INFO: Robot: Player DarkMouseMike (admin732@wizardcp.com)  successfully activated the Promo Code and received a balance top up in the amount of $1000  
[2026-01-15 17:21:11] production.INFO: Robot: Player DarkMouseMike (admin732@wizardcp.com)  successfully activated the Promo Code and received a balance top up in the amount of $10001  
[2026-01-15 17:22:15] production.INFO: Robot: Player Eriks (awdnwda@hotmai.com)  successfully activated the Promo Code and received a balance top up in the amount of $10001  
[2026-01-31 14:58:02] local.INFO: Robot: Player DarkMouseMike (admin732@wizardcp.com) successfully bought in the store Product Wood (item_id: 0) in quantity 15. Server: Monday 2X. SteamID: 76561198062887950  
[2026-01-31 14:58:50] local.INFO: Robot: Player DarkMouseMike (admin732@wizardcp.com) successfully bought in the store Product VIP (item_id: 9991), Variation 90 days in quantity 1. Server: Monday 2X. SteamID: 76561198062887950. Command: addgroup 76561198062887950 vip 30d  
[2026-01-31 15:03:50] local.INFO: Robot: Player DarkMouseMike (admin732@wizardcp.com) successfully bought in the store Product Wood (item_id: 0) in quantity 5. Server: Monday 2X. SteamID: 76561198062887950  
[2026-01-31 15:07:54] local.INFO: Robot: Player DarkMouseMike (admin732@wizardcp.com) successfully bought in the store Product Wood (item_id: 0) in quantity 6. Server: Monday 2X. SteamID: 76561198062887950  
[2026-01-31 15:08:01] local.INFO: Robot: Player DarkMouseMike (admin732@wizardcp.com) successfully bought in the store Product Wood (item_id: 0) in quantity 5. Server: Monday 2X. SteamID: 76561198062887950  
[2026-01-31 15:22:20] local.INFO: Robot: Player DarkMouseMike (admin732@wizardcp.com) successfully refunded cart item: Scrap Price: 90  
[2026-01-31 15:23:19] local.INFO: Robot: Player DarkMouseMike (admin732@wizardcp.com)  could not open case: 23 due to blocking.  
[2026-01-31 15:23:34] local.INFO: Robot: Player DarkMouseMike (admin732@wizardcp.com) successfully bought in the store Product Wood (item_id: 0) in quantity 3. Server: Monday 2X. SteamID: 76561198062887950  
[2026-01-31 16:13:58] local.INFO: Robot: Player DarkMouseMike (admin732@wizardcp.com) successfully refunded cart item: Wood Price: 30  
[2026-01-31 16:14:03] local.INFO: Robot: Player DarkMouseMike (admin732@wizardcp.com) successfully refunded cart item: Wood Price: 30  
[2026-01-31 16:14:06] local.INFO: Robot: Player DarkMouseMike (admin732@wizardcp.com) successfully refunded cart item: Wood Price: 30  
[2026-01-31 16:14:26] local.INFO: Robot: Player DarkMouseMike (admin732@wizardcp.com) successfully bought in the store Product Wood (item_id: 0) in quantity 3. Server: Thursday 2X. SteamID: 76561198062887950  
[2026-01-31 16:14:33] local.INFO: Robot: Player DarkMouseMike (admin732@wizardcp.com) successfully refunded cart item: Wood Price: 27  
[2026-01-31 16:14:40] local.INFO: Robot: Player DarkMouseMike (admin732@wizardcp.com) successfully refunded cart item: Wood Price: 27  
[2026-01-31 16:35:49] local.INFO: Robot: Player DarkMouseMike (admin732@wizardcp.com) successfully bought in the store Product VIP (item_id: 9991), Variation 30 days in quantity 1. Server: Thursday 2X. SteamID: 76561198062887950. Command: addgroup 76561198062887950 vip 10d  
[2026-01-31 16:36:00] local.INFO: Robot: Player DarkMouseMike (admin732@wizardcp.com) successfully bought in the store Product Minigun (item_id: 0) in quantity 1. Server: Thursday 2X. SteamID: 76561198062887950  
[2026-01-31 16:36:09] local.INFO: Robot: Player DarkMouseMike (admin732@wizardcp.com) successfully refunded cart item: Minigun Price: 600  
